mode: set
inventory-backend/internal/application/stock/movement_usecase.go:13.113,14.16 1 1
inventory-backend/internal/application/stock/movement_usecase.go:14.16,16.3 1 1
inventory-backend/internal/application/stock/movement_usecase.go:17.2,17.48 1 1
inventory-backend/internal/application/stock/usecase.go:19.131,20.14 1 1
inventory-backend/internal/application/stock/usecase.go:20.14,22.3 1 1
inventory-backend/internal/application/stock/usecase.go:24.2,25.16 2 1
inventory-backend/internal/application/stock/usecase.go:25.16,27.3 1 1
inventory-backend/internal/application/stock/usecase.go:28.2,31.8 1 1
inventory-backend/internal/application/stock/usecase.go:35.132,36.14 1 1
inventory-backend/internal/application/stock/usecase.go:36.14,38.3 1 1
inventory-backend/internal/application/stock/usecase.go:39.2,40.16 2 1
inventory-backend/internal/application/stock/usecase.go:40.16,42.3 1 0
inventory-backend/internal/application/stock/usecase.go:43.2,46.8 1 1
inventory-backend/cmd/api/main.go:25.13,31.16 3 0
inventory-backend/cmd/api/main.go:31.16,33.3 1 0
inventory-backend/cmd/api/main.go:35.2,38.64 2 0
inventory-backend/cmd/api/main.go:38.64,40.3 1 0
inventory-backend/cmd/api/main.go:43.2,100.75 19 0
inventory-backend/cmd/api/main.go:100.75,102.3 1 0
inventory-backend/cmd/api/main.go:105.2,108.57 2 0
inventory-backend/cmd/api/main.go:108.57,110.3 1 0
inventory-backend/cmd/api/main.go:113.2,143.33 14 0
inventory-backend/cmd/api/main.go:154.16,158.75 2 1
inventory-backend/cmd/api/main.go:158.75,160.3 1 1
inventory-backend/cmd/api/main.go:161.2,164.57 2 1
inventory-backend/cmd/api/main.go:164.57,166.3 1 1
inventory-backend/cmd/api/main.go:168.2,182.10 12 1
inventory-backend/cmd/seed/main.go:12.13,14.15 2 0
inventory-backend/cmd/seed/main.go:14.15,16.3 1 0
inventory-backend/cmd/seed/main.go:18.2,22.16 4 0
inventory-backend/cmd/seed/main.go:22.16,24.3 1 0
inventory-backend/cmd/seed/main.go:26.2,27.16 2 0
inventory-backend/cmd/seed/main.go:27.16,29.3 1 0
inventory-backend/cmd/seed/main.go:30.2,32.64 2 0
inventory-backend/cmd/seed/main.go:32.64,34.3 1 0
inventory-backend/cmd/seed/main.go:36.2,38.88 2 0
inventory-backend/cmd/seed/main.go:38.88,40.3 1 0
inventory-backend/cmd/seed/main.go:41.2,41.47 1 0
inventory-backend/cmd/seed/main.go:44.49,46.13 2 1
inventory-backend/cmd/seed/main.go:46.13,48.3 1 1
inventory-backend/cmd/seed/main.go:49.2,49.10 1 1
inventory-backend/internal/application/inventory/inventory_usecase.go:19.95,20.16 1 1
inventory-backend/internal/application/inventory/inventory_usecase.go:20.16,22.3 1 1
inventory-backend/internal/application/inventory/inventory_usecase.go:24.2,25.16 2 1
inventory-backend/internal/application/inventory/inventory_usecase.go:25.16,27.3 1 0
inventory-backend/internal/application/inventory/inventory_usecase.go:28.2,28.61 1 1
inventory-backend/internal/application/inventory/inventory_usecase.go:31.85,33.2 1 1
inventory-backend/internal/application/auth/auth_usecase.go:33.97,36.16 2 1
inventory-backend/internal/application/auth/auth_usecase.go:36.16,38.3 1 1
inventory-backend/internal/application/auth/auth_usecase.go:41.2,41.99 1 1
inventory-backend/internal/application/auth/auth_usecase.go:41.99,43.3 1 1
inventory-backend/internal/application/auth/auth_usecase.go:45.2,47.16 3 1
inventory-backend/internal/application/auth/auth_usecase.go:47.16,49.3 1 0
inventory-backend/internal/application/auth/auth_usecase.go:50.2,55.8 1 1
inventory-backend/internal/application/auth/auth_usecase.go:58.78,60.16 2 1
inventory-backend/internal/application/auth/auth_usecase.go:60.16,62.3 1 1
inventory-backend/internal/application/auth/auth_usecase.go:64.2,64.38 1 1
inventory-backend/internal/application/auth/auth_usecase.go:64.38,66.3 1 1
inventory-backend/internal/application/auth/auth_usecase.go:68.2,69.16 2 1
inventory-backend/internal/application/auth/auth_usecase.go:69.16,71.3 1 0
inventory-backend/internal/application/auth/auth_usecase.go:72.2,72.58 1 1
inventory-backend/internal/application/auth/auth_usecase.go:76.70,77.21 1 1
inventory-backend/internal/application/auth/auth_usecase.go:77.21,79.3 1 1
inventory-backend/internal/application/auth/auth_usecase.go:80.2,80.42 1 1
inventory-backend/internal/delivery/http/responder/json.go:16.66,20.2 3 1
inventory-backend/internal/delivery/http/responder/json.go:22.81,26.2 1 1
inventory-backend/internal/delivery/http/middleware/handler/auth_handler.go:39.68,40.33 1 1
inventory-backend/internal/delivery/http/middleware/handler/auth_handler.go:40.33,44.3 2 1
inventory-backend/internal/delivery/http/middleware/handler/auth_handler.go:46.2,47.61 2 1
inventory-backend/internal/delivery/http/middleware/handler/auth_handler.go:47.61,50.3 2 1
inventory-backend/internal/delivery/http/middleware/handler/auth_handler.go:51.2,51.43 1 1
inventory-backend/internal/delivery/http/middleware/handler/auth_handler.go:51.43,54.3 2 1
inventory-backend/internal/delivery/http/middleware/handler/auth_handler.go:56.2,57.16 2 1
inventory-backend/internal/delivery/http/middleware/handler/auth_handler.go:57.16,58.36 1 1
inventory-backend/internal/delivery/http/middleware/handler/auth_handler.go:58.36,61.4 2 1
inventory-backend/internal/delivery/http/middleware/handler/auth_handler.go:63.3,65.9 3 0
inventory-backend/internal/delivery/http/middleware/handler/auth_handler.go:68.2,73.44 5 1
inventory-backend/internal/delivery/http/middleware/handler/auth_handler.go:76.69,77.33 1 1
inventory-backend/internal/delivery/http/middleware/handler/auth_handler.go:77.33,80.3 2 0
inventory-backend/internal/delivery/http/middleware/handler/auth_handler.go:82.2,94.56 4 1
inventory-backend/internal/delivery/http/middleware/handler/auth_handler.go:97.65,98.32 1 0
inventory-backend/internal/delivery/http/middleware/handler/auth_handler.go:98.32,101.3 2 0
inventory-backend/internal/delivery/http/middleware/handler/auth_handler.go:103.2,104.15 2 0
inventory-backend/internal/delivery/http/middleware/handler/auth_handler.go:104.15,107.3 2 0
inventory-backend/internal/delivery/http/middleware/handler/auth_handler.go:109.2,110.16 2 0
inventory-backend/internal/delivery/http/middleware/handler/auth_handler.go:110.16,113.3 2 0
inventory-backend/internal/delivery/http/middleware/handler/auth_handler.go:115.2,118.44 4 0
inventory-backend/internal/delivery/http/middleware/handler/auth_handler.go:121.59,123.16 2 1
inventory-backend/internal/delivery/http/middleware/handler/auth_handler.go:123.16,125.3 1 0
inventory-backend/internal/delivery/http/middleware/handler/auth_handler.go:126.2,126.16 1 1
inventory-backend/internal/delivery/http/middleware/handler/auth_handler.go:129.101,139.2 1 1
inventory-backend/internal/delivery/http/middleware/handler/auth_handler.go:141.52,142.26 1 1
inventory-backend/internal/delivery/http/middleware/handler/auth_handler.go:143.16,144.33 1 0
inventory-backend/internal/delivery/http/middleware/handler/auth_handler.go:145.14,146.31 1 0
inventory-backend/internal/delivery/http/middleware/handler/auth_handler.go:147.10,148.30 1 1
inventory-backend/internal/delivery/http/middleware/handler/inventory_handler.go:25.72,26.32 1 1
inventory-backend/internal/delivery/http/middleware/handler/inventory_handler.go:26.32,29.3 2 1
inventory-backend/internal/delivery/http/middleware/handler/inventory_handler.go:31.2,32.16 2 1
inventory-backend/internal/delivery/http/middleware/handler/inventory_handler.go:32.16,35.3 2 0
inventory-backend/internal/delivery/http/middleware/handler/inventory_handler.go:36.2,40.27 2 1
inventory-backend/internal/delivery/http/middleware/handler/inventory_handler.go:40.27,46.3 5 1
inventory-backend/internal/delivery/http/middleware/handler/inventory_handler.go:47.2,47.44 1 1
inventory-backend/internal/delivery/http/middleware/handler/product_handler.go:31.72,32.33 1 1
inventory-backend/internal/delivery/http/middleware/handler/product_handler.go:32.33,35.3 2 1
inventory-backend/internal/delivery/http/middleware/handler/product_handler.go:37.2,38.61 2 1
inventory-backend/internal/delivery/http/middleware/handler/product_handler.go:38.61,41.3 2 1
inventory-backend/internal/delivery/http/middleware/handler/product_handler.go:42.2,42.20 1 1
inventory-backend/internal/delivery/http/middleware/handler/product_handler.go:42.20,45.3 2 1
inventory-backend/internal/delivery/http/middleware/handler/product_handler.go:47.2,48.16 2 1
inventory-backend/internal/delivery/http/middleware/handler/product_handler.go:48.16,49.31 1 0
inventory-backend/internal/delivery/http/middleware/handler/product_handler.go:49.31,52.4 2 0
inventory-backend/internal/delivery/http/middleware/handler/product_handler.go:53.3,54.9 2 0
inventory-backend/internal/delivery/http/middleware/handler/product_handler.go:57.2,62.49 6 1
inventory-backend/internal/delivery/http/middleware/handler/stock_handler.go:40.71,41.33 1 1
inventory-backend/internal/delivery/http/middleware/handler/stock_handler.go:41.33,44.3 2 1
inventory-backend/internal/delivery/http/middleware/handler/stock_handler.go:46.2,47.16 2 1
inventory-backend/internal/delivery/http/middleware/handler/stock_handler.go:47.16,50.3 2 0
inventory-backend/internal/delivery/http/middleware/handler/stock_handler.go:52.2,53.61 2 1
inventory-backend/internal/delivery/http/middleware/handler/stock_handler.go:53.61,56.3 2 0
inventory-backend/internal/delivery/http/middleware/handler/stock_handler.go:58.2,59.16 2 1
inventory-backend/internal/delivery/http/middleware/handler/stock_handler.go:59.16,62.3 2 0
inventory-backend/internal/delivery/http/middleware/handler/stock_handler.go:64.2,73.44 9 1
inventory-backend/internal/delivery/http/middleware/handler/stock_handler.go:76.72,77.33 1 1
inventory-backend/internal/delivery/http/middleware/handler/stock_handler.go:77.33,80.3 2 0
inventory-backend/internal/delivery/http/middleware/handler/stock_handler.go:82.2,83.16 2 1
inventory-backend/internal/delivery/http/middleware/handler/stock_handler.go:83.16,86.3 2 0
inventory-backend/internal/delivery/http/middleware/handler/stock_handler.go:88.2,89.61 2 1
inventory-backend/internal/delivery/http/middleware/handler/stock_handler.go:89.61,92.3 2 0
inventory-backend/internal/delivery/http/middleware/handler/stock_handler.go:94.2,95.16 2 1
inventory-backend/internal/delivery/http/middleware/handler/stock_handler.go:95.16,98.3 2 0
inventory-backend/internal/delivery/http/middleware/handler/stock_handler.go:100.2,109.44 9 1
inventory-backend/internal/delivery/http/middleware/handler/stock_handler.go:112.54,113.9 1 0
inventory-backend/internal/delivery/http/middleware/handler/stock_handler.go:114.41,115.93 1 0
inventory-backend/internal/delivery/http/middleware/handler/stock_handler.go:116.42,117.94 1 0
inventory-backend/internal/delivery/http/middleware/handler/stock_handler.go:118.51,119.97 1 0
inventory-backend/internal/delivery/http/middleware/handler/stock_handler.go:120.10,121.107 1 0
inventory-backend/internal/delivery/http/middleware/handler/stock_movement_handler.go:29.76,30.32 1 1
inventory-backend/internal/delivery/http/middleware/handler/stock_movement_handler.go:30.32,33.3 2 1
inventory-backend/internal/delivery/http/middleware/handler/stock_movement_handler.go:35.2,39.34 4 1
inventory-backend/internal/delivery/http/middleware/handler/stock_movement_handler.go:39.34,41.38 2 1
inventory-backend/internal/delivery/http/middleware/handler/stock_movement_handler.go:41.38,44.4 2 1
inventory-backend/internal/delivery/http/middleware/handler/stock_movement_handler.go:45.3,45.12 1 0
inventory-backend/internal/delivery/http/middleware/handler/stock_movement_handler.go:48.2,49.16 2 1
inventory-backend/internal/delivery/http/middleware/handler/stock_movement_handler.go:49.16,50.31 1 0
inventory-backend/internal/delivery/http/middleware/handler/stock_movement_handler.go:50.31,53.4 2 0
inventory-backend/internal/delivery/http/middleware/handler/stock_movement_handler.go:54.3,55.9 2 0
inventory-backend/internal/delivery/http/middleware/handler/stock_movement_handler.go:58.2,59.26 2 1
inventory-backend/internal/delivery/http/middleware/handler/stock_movement_handler.go:59.26,68.3 1 1
inventory-backend/internal/delivery/http/middleware/handler/stock_movement_handler.go:69.2,69.44 1 1
inventory-backend/internal/config/config.go:25.24,31.17 4 1
inventory-backend/internal/config/config.go:31.17,33.3 1 0
inventory-backend/internal/config/config.go:35.2,40.16 5 1
inventory-backend/internal/config/config.go:40.16,42.3 1 0
inventory-backend/internal/config/config.go:44.2,62.3 5 1
inventory-backend/internal/config/config.go:65.49,67.13 2 1
inventory-backend/internal/config/config.go:67.13,69.3 1 1
inventory-backend/internal/config/config.go:70.2,70.10 1 1
inventory-backend/internal/config/config.go:73.36,74.32 1 1
inventory-backend/internal/config/config.go:74.32,76.3 1 1
inventory-backend/internal/config/config.go:77.2,79.26 3 1
inventory-backend/internal/config/config.go:79.26,81.14 2 1
inventory-backend/internal/config/config.go:81.14,83.4 1 1
inventory-backend/internal/config/config.go:85.2,85.12 1 1
inventory-backend/internal/delivery/http/middleware/auth.go:19.59,20.71 1 1
inventory-backend/internal/delivery/http/middleware/auth.go:20.71,21.31 1 1
inventory-backend/internal/delivery/http/middleware/auth.go:21.31,24.4 2 0
inventory-backend/internal/delivery/http/middleware/auth.go:26.3,26.46 1 1
inventory-backend/internal/delivery/http/middleware/auth.go:26.46,29.4 2 0
inventory-backend/internal/delivery/http/middleware/auth.go:31.3,31.38 1 1
inventory-backend/internal/delivery/http/middleware/auth.go:31.38,34.4 2 0
inventory-backend/internal/delivery/http/middleware/auth.go:36.3,36.37 1 1
inventory-backend/internal/delivery/http/middleware/auth.go:36.37,39.4 2 1
inventory-backend/internal/delivery/http/middleware/auth.go:40.3,41.34 2 1
inventory-backend/internal/delivery/http/middleware/auth.go:41.34,44.4 2 1
inventory-backend/internal/delivery/http/middleware/auth.go:46.3,47.17 2 1
inventory-backend/internal/delivery/http/middleware/auth.go:47.17,50.4 2 0
inventory-backend/internal/delivery/http/middleware/auth.go:52.3,52.39 1 1
inventory-backend/internal/delivery/http/middleware/auth.go:52.39,55.4 2 0
inventory-backend/internal/delivery/http/middleware/auth.go:57.3,58.40 2 1
inventory-backend/internal/delivery/http/middleware/auth.go:62.53,65.20 3 1
inventory-backend/internal/delivery/http/middleware/auth.go:65.20,67.3 1 1
inventory-backend/internal/delivery/http/middleware/auth.go:68.2,68.15 1 1
inventory-backend/internal/delivery/http/middleware/origin_check.go:11.55,13.28 2 1
inventory-backend/internal/delivery/http/middleware/origin_check.go:13.28,15.3 1 1
inventory-backend/internal/delivery/http/middleware/origin_check.go:16.2,16.34 1 1
inventory-backend/internal/delivery/http/middleware/origin_check.go:18.62,19.71 1 1
inventory-backend/internal/delivery/http/middleware/origin_check.go:19.71,21.37 1 1
inventory-backend/internal/delivery/http/middleware/origin_check.go:21.37,24.4 2 1
inventory-backend/internal/delivery/http/middleware/origin_check.go:26.3,26.19 1 1
inventory-backend/internal/delivery/http/middleware/origin_check.go:27.40,29.10 2 1
inventory-backend/internal/delivery/http/middleware/origin_check.go:32.3,33.19 2 1
inventory-backend/internal/delivery/http/middleware/origin_check.go:33.19,36.4 2 1
inventory-backend/internal/delivery/http/middleware/origin_check.go:37.3,37.38 1 1
inventory-backend/internal/delivery/http/middleware/origin_check.go:37.38,40.4 2 1
inventory-backend/internal/delivery/http/middleware/origin_check.go:42.3,42.23 1 1
inventory-backend/internal/delivery/http/middleware/recover.go:9.46,10.71 1 1
inventory-backend/internal/delivery/http/middleware/recover.go:10.71,11.16 1 1
inventory-backend/internal/delivery/http/middleware/recover.go:11.16,12.32 1 1
inventory-backend/internal/delivery/http/middleware/recover.go:12.32,15.5 2 1
inventory-backend/internal/delivery/http/middleware/recover.go:17.3,17.23 1 1
inventory-backend/internal/delivery/http/middleware/request_id.go:10.48,11.71 1 1
inventory-backend/internal/delivery/http/middleware/request_id.go:11.71,19.3 5 1
inventory-backend/internal/infra/postgres/db.go:12.40,14.2 1 0
inventory-backend/internal/infra/postgres/db.go:17.50,21.2 3 0
inventory-backend/internal/infra/postgres/inventory_rep.go:17.80,20.16 3 1
inventory-backend/internal/infra/postgres/inventory_rep.go:20.16,22.3 1 1
inventory-backend/internal/infra/postgres/inventory_rep.go:23.2,26.18 3 1
inventory-backend/internal/infra/postgres/inventory_rep.go:26.18,29.70 3 1
inventory-backend/internal/infra/postgres/inventory_rep.go:29.70,31.4 1 1
inventory-backend/internal/infra/postgres/inventory_rep.go:32.3,33.23 2 1
inventory-backend/internal/infra/postgres/inventory_rep.go:35.2,35.35 1 1
inventory-backend/internal/infra/postgres/inventory_rep.go:35.35,37.3 1 0
inventory-backend/internal/infra/postgres/inventory_rep.go:38.2,38.17 1 1
inventory-backend/internal/infra/postgres/inventory_rep.go:41.105,43.16 2 1
inventory-backend/internal/infra/postgres/inventory_rep.go:43.16,45.3 1 1
inventory-backend/internal/infra/postgres/inventory_rep.go:47.2,52.16 5 1
inventory-backend/internal/infra/postgres/inventory_rep.go:52.16,53.36 1 1
inventory-backend/internal/infra/postgres/inventory_rep.go:53.36,55.4 1 1
inventory-backend/internal/infra/postgres/inventory_rep.go:56.3,56.33 1 0
inventory-backend/internal/infra/postgres/inventory_rep.go:58.2,59.17 2 1
inventory-backend/internal/infra/postgres/product_rep.go:16.122,20.50 3 1
inventory-backend/internal/infra/postgres/product_rep.go:20.50,24.92 3 1
inventory-backend/internal/infra/postgres/product_rep.go:24.92,26.4 1 1
inventory-backend/internal/infra/postgres/product_rep.go:27.3,32.114 4 1
inventory-backend/internal/infra/postgres/product_rep.go:32.114,34.4 1 1
inventory-backend/internal/infra/postgres/product_rep.go:35.3,36.13 2 1
inventory-backend/internal/infra/postgres/product_rep.go:38.2,38.16 1 1
inventory-backend/internal/infra/postgres/product_rep.go:38.16,40.3 1 1
inventory-backend/internal/infra/postgres/product_rep.go:41.2,41.20 1 1
inventory-backend/internal/infra/postgres/session_rep.go:17.110,19.16 2 1
inventory-backend/internal/infra/postgres/session_rep.go:19.16,21.3 1 1
inventory-backend/internal/infra/postgres/session_rep.go:23.2,30.16 6 1
inventory-backend/internal/infra/postgres/session_rep.go:30.16,32.3 1 0
inventory-backend/internal/infra/postgres/session_rep.go:34.2,36.15 3 1
inventory-backend/internal/infra/postgres/session_rep.go:39.94,41.16 2 1
inventory-backend/internal/infra/postgres/session_rep.go:41.16,43.3 1 1
inventory-backend/internal/infra/postgres/session_rep.go:45.2,51.16 6 1
inventory-backend/internal/infra/postgres/session_rep.go:51.16,52.36 1 1
inventory-backend/internal/infra/postgres/session_rep.go:52.36,54.4 1 1
inventory-backend/internal/infra/postgres/session_rep.go:55.3,55.31 1 0
inventory-backend/internal/infra/postgres/session_rep.go:58.2,60.15 3 1
inventory-backend/internal/infra/postgres/session_rep.go:63.74,65.16 2 1
inventory-backend/internal/infra/postgres/session_rep.go:65.16,67.3 1 1
inventory-backend/internal/infra/postgres/session_rep.go:69.2,74.12 3 1
inventory-backend/internal/infra/postgres/stock_movement_rep.go:15.115,16.16 1 1
inventory-backend/internal/infra/postgres/stock_movement_rep.go:16.16,18.3 1 1
inventory-backend/internal/infra/postgres/stock_movement_rep.go:21.2,23.21 3 1
inventory-backend/internal/infra/postgres/stock_movement_rep.go:23.21,25.17 2 1
inventory-backend/internal/infra/postgres/stock_movement_rep.go:25.17,27.4 1 1
inventory-backend/internal/infra/postgres/stock_movement_rep.go:28.3,29.16 2 1
inventory-backend/internal/infra/postgres/stock_movement_rep.go:32.2,36.12 2 1
inventory-backend/internal/infra/postgres/stock_movement_rep.go:36.12,39.3 2 1
inventory-backend/internal/infra/postgres/stock_movement_rep.go:39.8,42.3 2 1
inventory-backend/internal/infra/postgres/stock_movement_rep.go:44.2,44.16 1 1
inventory-backend/internal/infra/postgres/stock_movement_rep.go:44.16,46.3 1 0
inventory-backend/internal/infra/postgres/stock_movement_rep.go:47.2,50.18 3 1
inventory-backend/internal/infra/postgres/stock_movement_rep.go:50.18,58.91 2 1
inventory-backend/internal/infra/postgres/stock_movement_rep.go:58.91,60.4 1 1
inventory-backend/internal/infra/postgres/stock_movement_rep.go:61.3,64.23 4 1
inventory-backend/internal/infra/postgres/stock_movement_rep.go:66.2,66.35 1 1
inventory-backend/internal/infra/postgres/stock_movement_rep.go:66.35,68.3 1 0
inventory-backend/internal/infra/postgres/stock_movement_rep.go:69.2,69.17 1 1
inventory-backend/internal/infra/postgres/stock_rep.go:17.160,19.16 2 1
inventory-backend/internal/infra/postgres/stock_rep.go:19.16,21.3 1 1
inventory-backend/internal/infra/postgres/stock_rep.go:23.2,24.16 2 1
inventory-backend/internal/infra/postgres/stock_rep.go:24.16,26.3 1 1
inventory-backend/internal/infra/postgres/stock_rep.go:28.2,32.49 3 1
inventory-backend/internal/infra/postgres/stock_rep.go:32.49,37.76 3 1
inventory-backend/internal/infra/postgres/stock_rep.go:37.76,38.37 1 1
inventory-backend/internal/infra/postgres/stock_rep.go:38.37,40.5 1 1
inventory-backend/internal/infra/postgres/stock_rep.go:41.4,41.14 1 1
inventory-backend/internal/infra/postgres/stock_rep.go:45.3,48.15 2 1
inventory-backend/internal/infra/postgres/stock_rep.go:48.15,50.4 1 1
inventory-backend/internal/infra/postgres/stock_rep.go:53.3,56.123 3 1
inventory-backend/internal/infra/postgres/stock_rep.go:56.123,58.4 1 0
inventory-backend/internal/infra/postgres/stock_rep.go:59.3,68.149 6 1
inventory-backend/internal/infra/postgres/stock_rep.go:68.149,70.4 1 0
inventory-backend/internal/infra/postgres/stock_rep.go:71.3,75.13 4 1
inventory-backend/internal/infra/postgres/stock_rep.go:77.2,77.16 1 1
inventory-backend/internal/infra/postgres/stock_rep.go:77.16,79.3 1 1
inventory-backend/internal/infra/postgres/stock_rep.go:80.2,80.21 1 1
inventory-backend/internal/infra/postgres/tx.go:8.79,12.16 2 1
inventory-backend/internal/infra/postgres/tx.go:12.16,14.3 1 1
inventory-backend/internal/infra/postgres/tx.go:16.2,16.31 1 1
inventory-backend/internal/infra/postgres/tx.go:16.31,19.3 2 1
inventory-backend/internal/infra/postgres/tx.go:21.2,21.20 1 1
inventory-backend/internal/infra/postgres/user_rep.go:16.87,23.16 5 1
inventory-backend/internal/infra/postgres/user_rep.go:23.16,24.36 1 1
inventory-backend/internal/infra/postgres/user_rep.go:24.36,26.4 1 1
inventory-backend/internal/infra/postgres/user_rep.go:27.3,27.28 1 0
inventory-backend/internal/infra/postgres/user_rep.go:30.2,31.15 2 1
inventory-backend/internal/infra/postgres/user_rep.go:34.81,36.16 2 1
inventory-backend/internal/infra/postgres/user_rep.go:36.16,38.3 1 1
inventory-backend/internal/infra/postgres/user_rep.go:39.2,45.16 5 0
inventory-backend/internal/infra/postgres/user_rep.go:45.16,46.36 1 0
inventory-backend/internal/infra/postgres/user_rep.go:46.36,48.4 1 0
inventory-backend/internal/infra/postgres/user_rep.go:49.3,49.28 1 0
inventory-backend/internal/infra/postgres/user_rep.go:51.2,52.15 2 0
inventory-backend/internal/infra/postgres/user_rep.go:55.103,61.16 5 1
inventory-backend/internal/infra/postgres/user_rep.go:61.16,63.3 1 0
inventory-backend/internal/infra/postgres/user_rep.go:64.2,65.15 2 1
